    <div>
        <h1>Test test</h1>
        <p>test test </p>
    </div>
